   0.0093     0.00000         0.00000    
   0.0185     0.00000         0.00000    
   0.0278     0.00000         0.00000    
   0.0370     0.00000         0.00000    
   0.0463     0.00000         0.00000    
   0.0556     0.00000         0.00000    
   0.0648     0.00000         0.00000    
   0.0741     0.00000         0.00000    
   0.0833     0.00000         0.00000    
   0.0926     0.00000         0.00000    
   0.1019     0.00000         0.00000    
   0.1111     0.00000         0.00000    
   0.1204     0.00000         0.00000    
   0.1296     0.00000         0.00000    
   0.1389     0.00000         0.00000    
   0.1481     0.00000         0.00000    
   0.1574     0.00000         0.00000    
   0.1667     0.00000         0.00000    
   0.1759     0.00000         0.00000    
   0.1852     0.00000         0.00000    
   0.1944     0.00000         0.00000    
   0.2037     0.00000         0.00000    
   0.2130     0.00000         0.00000    
   0.2222     0.00000         0.00000    
   0.2315     0.00000         0.00000    
   0.2407     0.00000         0.00000    
   0.2500     0.00000         0.00000    
   0.2593     0.00000         0.00000    
   0.2685     0.00000         0.00000    
   0.2778     0.00000         0.00000    
   0.2870     0.00000         0.00000    
   0.2963     0.00000         0.00000    
   0.3056     0.00000         0.00000    
   0.3148     0.00000         0.00000    
   0.3241     0.00000         0.00000    
   0.3333     0.00000         0.00000    
   0.3426     0.00000         0.00000    
   0.3519     0.00000         0.00000    
   0.3611     0.00000         0.00000    
   0.3704     0.00000         0.00000    
   0.3796     0.00000         0.00000    
   0.3889     0.00000         0.00000    
   0.3981     0.00000         0.00000    
   0.4074     0.00000         0.00000    
   0.4167     0.00000         0.00000    
   0.4259     0.00000         0.00000    
   0.4352     0.00000         0.00000    
   0.4444     0.00000         0.00000    
   0.4537     0.00000         0.00000    
   0.4630     0.00000         0.00000    
   0.4722     0.00000         0.00000    
   0.4815     0.00000         0.00000    
   0.4907     0.00000         0.00000    
   0.5000     0.00000         0.00000    
   0.5093     0.00000         0.00000    
   0.5185     0.00000         0.00000    
   0.5278     0.00000         0.00000    
   0.5370     0.00000         0.00000    
   0.5463     0.00000         0.00000    
   0.5556     0.00000         0.00000    
   0.5648     0.00000         0.00000    
   0.5741     0.00000         0.00000    
   0.5833     0.00000         0.00000    
   0.5926     0.00000         0.00000    
   0.6019     0.00000         0.00000    
   0.6111     0.00000         0.00000    
   0.6204     0.00000         0.00000    
   0.6296     0.00000         0.00000    
   0.6389     0.00000         0.00000    
   0.6481     0.00000         0.00000    
   0.6574     0.00000         0.00000    
   0.6667     0.00000         0.00000    
   0.6759     0.00000         0.00000    
   0.6852     0.00000         0.00000    
   0.6944     0.00000         0.00000    
   0.7037     0.00000         0.00000    
   0.7130     0.00000         0.00000    
   0.7222     0.00000         0.00000    
   0.7315     0.00000         0.00000    
   0.7407     0.00000         0.00000    
   0.7500     0.00000         0.00000    
   0.7593     0.00000         0.00000    
   0.7685     0.00000         0.00000    
   0.7778     0.00000         0.00000    
   0.7870     0.00000         0.00000    
   0.7963     0.00000         0.00000    
   0.8056     0.00000         0.00000    
   0.8148     0.00000         0.00000    
   0.8241     0.00000         0.00000    
   0.8333     0.00000         0.00000    
   0.8426     0.00000         0.00000    
   0.8519     0.00000         0.00000    
   0.8611     0.00000         0.00000    
   0.8704     0.00000         0.00000    
   0.8796     0.00000         0.00000    
   0.8889     0.00000         0.00000    
   0.8981     0.00000         0.00000    
   0.9074     0.00000         0.00000    
   0.9167     0.00000         0.00000    
   0.9259     0.00000         0.00000    
   0.9352     0.00000         0.00000    
   0.9444     0.00000         0.00000    
   0.9537     0.00000         0.00000    
   0.9630     0.00000         0.00000    
   0.9722     0.00000         0.00000    
   0.9815     0.00000         0.00000    
   0.9907     0.00000         0.00000    
   1.0000     0.00000         0.00000    
   1.0093     0.00000         0.00000    
   1.0185     0.00000         0.00000    
   1.0278     0.00000         0.00000    
   1.0370     0.00000         0.00000    
   1.0463     0.00000         0.00000    
   1.0556     0.00000         0.00000    
   1.0648     0.00000         0.00000    
   1.0741     0.00000         0.00000    
   1.0833     0.00000         0.00000    
   1.0926     0.00000         0.00000    
   1.1019     0.00000         0.00000    
   1.1111     0.00000         0.00000    
   1.1204     0.00000         0.00000    
   1.1296     0.00000         0.00000    
   1.1389     0.00000         0.00000    
   1.1481     0.00000         0.00000    
   1.1574     0.00000         0.00000    
   1.1667     0.00000         0.00000    
   1.1759     0.00000         0.00000    
   1.1852     0.00000         0.00000    
   1.1944     0.00000         0.00000    
   1.2037     0.00000         0.00000    
   1.2130     0.00000         0.00000    
   1.2222     0.00000         0.00000    
   1.2315     0.00000         0.00000    
   1.2407     0.00000         0.00000    
   1.2500     0.00000         0.00000    
   1.2593     0.00000         0.00000    
   1.2685     0.00000         0.00000    
   1.2778     0.00000         0.00000    
   1.2870     0.00000         0.00000    
   1.2963     0.00000         0.00000    
   1.3056     0.00000         0.00000    
   1.3148     0.00000         0.00000    
   1.3241     0.00000         0.00000    
   1.3333     0.00000         0.00000    
   1.3426     0.00000         0.00000    
   1.3519     0.00000         0.00000    
   1.3611     0.00000         0.00000    
   1.3704     0.00000         0.00000    
   1.3796     0.00000         0.00000    
   1.3889     0.00000         0.00000    
   1.3981     0.00000         0.00000    
   1.4074     0.00000         0.00000    
   1.4167     0.00000         0.00000    
   1.4259     0.00000         0.00000    
   1.4352     0.00000         0.00000    
   1.4444     0.00000         0.00000    
   1.4537     0.00000         0.00000    
   1.4630     0.00000         0.00000    
   1.4722     0.00000         0.00000    
   1.4815     0.00000         0.00000    
   1.4907     0.00000         0.00000    
   1.5000     0.00000         0.00000    
   1.5093     0.00000         0.00000    
   1.5185     0.00000         0.00000    
   1.5278     0.00000         0.00000    
   1.5370     0.00000         0.00000    
   1.5463     0.00000         0.00000    
   1.5556     0.00000         0.00000    
   1.5648     0.00000         0.00000    
   1.5741     0.00000         0.00000    
   1.5833     0.00000         0.00000    
   1.5926     0.00000         0.00000    
   1.6019     0.00000         0.00000    
   1.6111     0.00000         0.00000    
   1.6204     0.00000         0.00000    
   1.6296     0.00000         0.00000    
   1.6389     0.00000         0.00000    
   1.6481     0.00000         0.00000    
   1.6574     0.00000         0.00000    
   1.6667     0.00000         0.00000    
   1.6759     0.00000         0.00000    
   1.6852     0.00000         0.00000    
   1.6944     0.00000         0.00000    
   1.7037     0.00000         0.00000    
   1.7130     0.00000         0.00000    
   1.7222     0.00000         0.00000    
   1.7315     0.00000         0.00000    
   1.7407     0.00000         0.00000    
   1.7500     0.00000         0.00000    
   1.7593     0.00000         0.00000    
   1.7685     0.00000         0.00000    
   1.7778     0.00000         0.00000    
   1.7870     0.00000         0.00000    
   1.7963     0.00000         0.00000    
   1.8056     0.00000         0.00000    
   1.8148     0.00000         0.00000    
   1.8241     0.00000         0.00000    
   1.8333     0.00000         0.00000    
   1.8426     0.00000         0.00000    
   1.8519     0.00000         0.00000    
   1.8611     0.00000         0.00000    
   1.8704     0.00000         0.00000    
   1.8796     0.00000         0.00000    
   1.8889     0.00000         0.00000    
   1.8981     0.00000         0.00000    
   1.9074     0.00000         0.00000    
   1.9167     0.00000         0.00000    
   1.9259     0.00000         0.00000    
   1.9352     0.00000         0.00000    
   1.9444     0.00000         0.00000    
   1.9537     0.00000         0.00000    
   1.9630     0.00000         0.00000    
   1.9722     0.00000         0.00000    
   1.9815     0.00000         0.00000    
   1.9907     0.00000         0.00000    
   2.0000     0.00000         0.00000    
