   0.0093    0.268552E-18     0.00000    
   0.0185    0.329195E-17     0.00000    
   0.0278    0.156051E-16     0.00000    
   0.0370    0.483006E-16     0.00000    
   0.0463    0.117181E-15     0.00000    
   0.0556    0.241958E-15     0.00000    
   0.0648    0.446516E-15     0.00000    
   0.0741    0.759075E-15     0.00000    
   0.0833    0.121146E-14     0.00000    
   0.0926    0.183958E-14     0.00000    
   0.1019    0.268432E-14     0.00000    
   0.1111    0.378956E-14     0.00000    
   0.1204    0.520267E-14     0.00000    
   0.1296    0.697464E-14     0.00000    
   0.1389    0.915894E-14     0.00000    
   0.1481    0.118123E-13     0.00000    
   0.1574    0.149945E-13     0.00000    
   0.1667    0.187678E-13     0.00000    
   0.1759    0.231966E-13     0.00000    
   0.1852    0.283475E-13     0.00000    
   0.1944    0.342888E-13     0.00000    
   0.2037    0.410908E-13     0.00000    
   0.2130    0.488249E-13     0.00000    
   0.2222    0.575633E-13     0.00000    
   0.2315    0.673793E-13     0.00000    
   0.2407    0.783465E-13     0.00000    
   0.2500    0.905381E-13     0.00000    
   0.2593    0.104029E-12     0.00000    
   0.2685    0.118893E-12     0.00000    
   0.2778    0.135203E-12     0.00000    
   0.2870    0.153033E-12     0.00000    
   0.2963    0.172451E-12     0.00000    
   0.3056    0.193529E-12     0.00000    
   0.3148    0.216334E-12     0.00000    
   0.3241    0.240932E-12     0.00000    
   0.3333    0.267386E-12     0.00000    
   0.3426    0.295758E-12     0.00000    
   0.3519    0.326105E-12     0.00000    
   0.3611    0.358483E-12     0.00000    
   0.3704    0.392942E-12     0.00000    
   0.3796    0.429533E-12     0.00000    
   0.3889    0.468297E-12     0.00000    
   0.3981    0.509276E-12     0.00000    
   0.4074    0.552505E-12     0.00000    
   0.4167    0.598015E-12     0.00000    
   0.4259    0.645834E-12     0.00000    
   0.4352    0.695984E-12     0.00000    
   0.4444    0.748483E-12     0.00000    
   0.4537    0.803341E-12     0.00000    
   0.4630    0.860566E-12     0.00000    
   0.4722    0.920159E-12     0.00000    
   0.4815    0.982115E-12     0.00000    
   0.4907    0.104642E-11     0.00000    
   0.5000    0.111307E-11     0.00000    
   0.5093    0.118204E-11     0.00000    
   0.5185    0.125329E-11     0.00000    
   0.5278    0.132680E-11     0.00000    
   0.5370    0.140253E-11     0.00000    
   0.5463    0.148044E-11     0.00000    
   0.5556    0.156046E-11     0.00000    
   0.5648    0.164256E-11     0.00000    
   0.5741    0.172666E-11     0.00000    
   0.5833    0.181270E-11     0.00000    
   0.5926    0.190060E-11     0.00000    
   0.6019    0.199030E-11     0.00000    
   0.6111    0.208170E-11     0.00000    
   0.6204    0.217472E-11     0.00000    
   0.6296    0.226926E-11     0.00000    
   0.6389    0.236523E-11     0.00000    
   0.6481    0.246252E-11     0.00000    
   0.6574    0.256104E-11     0.00000    
   0.6667    0.266066E-11     0.00000    
   0.6759    0.276127E-11     0.00000    
   0.6852    0.286277E-11     0.00000    
   0.6944    0.296501E-11     0.00000    
   0.7037    0.306789E-11     0.00000    
   0.7130    0.317127E-11     0.00000    
   0.7222    0.327503E-11     0.00000    
   0.7315    0.337903E-11     0.00000    
   0.7407    0.348314E-11     0.00000    
   0.7500    0.358723E-11     0.00000    
   0.7593    0.369116E-11     0.00000    
   0.7685    0.379480E-11     0.00000    
   0.7778    0.389802E-11     0.00000    
   0.7870    0.400066E-11     0.00000    
   0.7963    0.410261E-11     0.00000    
   0.8056    0.420372E-11     0.00000    
   0.8148    0.430387E-11     0.00000    
   0.8241    0.440291E-11     0.00000    
   0.8333    0.450073E-11     0.00000    
   0.8426    0.459720E-11     0.00000    
   0.8519    0.469218E-11     0.00000    
   0.8611    0.478556E-11     0.00000    
   0.8704    0.487723E-11     0.00000    
   0.8796    0.496706E-11     0.00000    
   0.8889    0.505495E-11     0.00000    
   0.8981    0.514079E-11     0.00000    
   0.9074    0.522448E-11     0.00000    
   0.9167    0.530594E-11     0.00000    
   0.9259    0.538506E-11     0.00000    
   0.9352    0.546178E-11     0.00000    
   0.9444    0.553600E-11     0.00000    
   0.9537    0.560767E-11     0.00000    
   0.9630    0.567671E-11     0.00000    
   0.9722    0.574308E-11     0.00000    
   0.9815    0.580672E-11     0.00000    
   0.9907    0.586759E-11     0.00000    
   1.0000    0.592567E-11     0.00000    
   1.0093    0.598081E-11    0.243557E-07
   1.0185    0.603307E-11    0.246334E-07
   1.0278    0.608245E-11    0.250019E-07
   1.0370    0.612895E-11    0.254771E-07
   1.0463    0.617257E-11    0.259215E-07
   1.0556    0.621334E-11    0.263435E-07
   1.0648    0.625128E-11    0.266390E-07
   1.0741    0.628642E-11    0.268050E-07
   1.0833    0.631881E-11    0.269717E-07
   1.0926    0.634850E-11    0.271401E-07
   1.1019    0.637556E-11    0.273074E-07
   1.1111    0.640005E-11    0.273285E-07
   1.1204    0.642206E-11    0.273164E-07
   1.1296    0.644167E-11    0.273372E-07
   1.1389    0.645898E-11    0.273936E-07
   1.1481    0.647411E-11    0.276271E-07
   1.1574    0.648715E-11    0.279217E-07
   1.1667    0.649824E-11    0.282128E-07
   1.1759    0.650751E-11    0.284992E-07
   1.1852    0.651510E-11    0.288210E-07
   1.1944    0.652115E-11    0.292919E-07
   1.2037    0.652582E-11    0.297436E-07
   1.2130    0.652927E-11    0.301666E-07
   1.2222    0.653168E-11    0.305135E-07
   1.2315    0.653320E-11    0.306845E-07
   1.2407    0.653404E-11    0.308419E-07
   1.2500    0.653437E-11    0.310020E-07
   1.2593    0.653438E-11    0.311693E-07
   1.2685    0.653428E-11    0.312414E-07
   1.2778    0.653414E-11    0.312274E-07
   1.2870    0.653397E-11    0.311603E-07
   1.2963    0.653377E-11    0.309824E-07
   1.3056    0.653354E-11    0.309354E-07
   1.3148    0.653328E-11    0.310096E-07
   1.3241    0.653298E-11    0.310425E-07
   1.3333    0.653266E-11    0.309028E-07
   1.3426    0.653232E-11    0.307396E-07
   1.3519    0.653194E-11    0.307275E-07
   1.3611    0.653154E-11    0.307401E-07
   1.3704    0.653111E-11    0.308664E-07
   1.3796    0.653065E-11    0.310269E-07
   1.3889    0.653017E-11    0.310051E-07
   1.3981    0.652967E-11    0.309320E-07
   1.4074    0.652915E-11    0.309574E-07
   1.4167    0.652861E-11    0.311240E-07
   1.4259    0.652804E-11    0.312465E-07
   1.4352    0.652746E-11    0.312280E-07
   1.4444    0.652686E-11    0.311966E-07
   1.4537    0.652624E-11    0.310274E-07
   1.4630    0.652561E-11    0.309177E-07
   1.4722    0.652497E-11    0.309809E-07
   1.4815    0.652431E-11    0.310415E-07
   1.4907    0.652365E-11    0.309482E-07
   1.5000    0.652297E-11    0.307772E-07
   1.5093    0.652229E-11    0.307194E-07
   1.5185    0.652160E-11    0.307400E-07
   1.5278    0.652090E-11    0.308195E-07
   1.5370    0.652020E-11    0.309990E-07
   1.5463    0.651951E-11    0.310357E-07
   1.5556    0.651881E-11    0.309608E-07
   1.5648    0.651811E-11    0.309349E-07
   1.5741    0.651741E-11    0.310793E-07
   1.5833    0.651672E-11    0.312345E-07
   1.5926    0.651603E-11    0.312339E-07
   1.6019    0.651535E-11    0.312142E-07
   1.6111    0.651468E-11    0.310771E-07
   1.6204    0.651402E-11    0.309210E-07
   1.6296    0.651337E-11    0.309512E-07
   1.6389    0.651273E-11    0.310232E-07
   1.6481    0.651211E-11    0.309888E-07
   1.6574    0.651150E-11    0.308227E-07
   1.6667    0.651091E-11    0.307132E-07
   1.6759    0.651033E-11    0.307405E-07
   1.6852    0.650978E-11    0.307823E-07
   1.6944    0.650924E-11    0.309576E-07
   1.7037    0.650873E-11    0.310582E-07
   1.7130    0.650824E-11    0.309912E-07
   1.7222    0.650777E-11    0.309343E-07
   1.7315    0.650733E-11    0.310357E-07
   1.7407    0.650691E-11    0.312023E-07
   1.7500    0.650652E-11    0.312452E-07
   1.7593    0.650616E-11    0.312186E-07
   1.7685    0.650582E-11    0.311270E-07
   1.7778    0.650551E-11    0.309475E-07
   1.7870    0.650523E-11    0.309216E-07
   1.7963    0.650499E-11    0.309973E-07
   1.8056    0.650477E-11    0.310163E-07
   1.8148    0.650458E-11    0.308687E-07
   1.8241    0.650442E-11    0.307226E-07
   1.8333    0.650430E-11    0.307357E-07
   1.8426    0.650421E-11    0.307628E-07
   1.8519    0.650415E-11    0.309102E-07
   1.8611    0.650412E-11    0.310609E-07
   1.8704    0.650412E-11    0.310226E-07
   1.8796    0.650416E-11    0.309520E-07
   1.8889    0.650423E-11    0.309954E-07
   1.8981    0.650433E-11    0.311602E-07
   1.9074    0.650446E-11    0.312560E-07
   1.9167    0.650462E-11    0.312207E-07
   1.9259    0.650482E-11    0.311688E-07
   1.9352    0.650504E-11    0.309887E-07
   1.9444    0.650530E-11    0.308981E-07
   1.9537    0.650558E-11    0.309689E-07
   1.9630    0.650590E-11    0.310222E-07
   1.9722    0.650624E-11    0.309138E-07
   1.9815    0.650661E-11    0.307526E-07
   1.9907    0.650701E-11    0.307249E-07
   2.0000    0.650743E-11    0.307576E-07
